[cryptospire.trade/index.html]
[backblue.gif]
[fade.gif]
[index.html]
[cryptospire.trade/styles/images/favicon.png]
[maxcdn.bootstrapcdn.com/bootstrap/3.3.7/css/bootstrap.min.css]
[cryptospire.trade/styles/animate.css]
[cryptospire.trade/styles/custom.css]
[cryptospire.trade/styles/hover.css]
[ajax.googleapis.com/ajax/libs/jquery/3.3.1/jquery.min.js]
[cryptospire.trade/styles/setting2.js]
[maxcdn.bootstrapcdn.com/bootstrap/3.3.7/js/bootstrap.min.js]
[cryptospire.trade/styles/wow.js]
[cryptospire.trade/styles/wow.min.js]
[kit.fontawesome.com/ae56ab8d7c.js]
[client.crisp.chat/l.js]
[cryptospire.trade/styles/images/logo11.png]
[cryptospire.trade/indexbc14.html]
[translate.google.com/translate_a/elementa0d8.js]
[cryptospire.trade/styles/images/planicon1.png]
[cryptospire.trade/index3898.html]
[cryptospire.trade/styles/images/planicon2.png]
[cryptospire.trade/indexc30b.html]
[cryptospire.trade/index15a0.html]
[cryptospire.trade/index38cd.html]
[cryptospire.trade/indexcca3.html]
[cryptospire.trade/styles/images/planicon3.png]
[cryptospire.trade/styles/images/planicon4.png]
[cryptospire.trade/styles/images/benefit1.png]
[cryptospire.trade/styles/images/benefit2.png]
[cryptospire.trade/styles/images/benefit3.png]
[cryptospire.trade/styles/images/benefit4.png]
[cryptospire.trade/styles/images/benefit5.png]
[cryptospire.trade/styles/images/benefit6.png]
[cryptospire.trade/img/video_back.html]
[cryptospire.trade/styles/images/affiliates.png]
[cryptospire.trade/styles/images/referralicon1.png]
[cryptospire.trade/styles/images/referralicon2.png]
[cryptospire.trade/styles/images/paymenticons.png]
[cryptospire.trade/index.html]
[maxcdn.bootstrapcdn.com/bootstrap/3.3.7/css/bootstrap.min.css]
[cryptospire.trade/styles/animate.css]
[cryptospire.trade/index9c68.html]
[cryptospire.trade/styles/images/arrow.png]
[cryptospire.trade/styles/images/headermainbg.jpg]
[cryptospire.trade/styles/images/plan-bg.png]
[cryptospire.trade/styles/images/calculator.png]
[cryptospire.trade/styles/images/welcomebg.html]
[cryptospire.trade/styles/images/navbar-bg.png]
[cryptospire.trade/styles/images/calculator-bg.png]
[cryptospire.trade/styles/images/about-bg.jpg]
[cryptospire.trade/styles/images/benefits-bg.jpg]
[cryptospire.trade/styles/images/faq.html]
[cryptospire.trade/styles/images/email.png]
[cryptospire.trade/styles/custom.css]
[cryptospire.trade/styles/hover.css]
[cryptospire.trade/indexbc14.html]
[cryptospire.trade/index3898.html]
[cryptospire.trade/index38cd.html]
[cryptospire.trade/cdn-cgi/l/email-protection.html]
[cryptospire.trade/index15a0.html]
[cryptospire.trade/indexc30b.html]
[cryptospire.trade/indexcca3.html]
[cryptospire.trade/img/video_back.html]
[cryptospire.trade/index9c68.html]
[cryptospire.trade/styles/images/welcomebg.html]
[cryptospire.trade/styles/images/faq.html]
[cryptospire.trade/cdn-cgi/l/email-protection.html]
[cryptospire.trade/cdn-cgi/scripts/5c5dd728/cloudflare-static/email-decode.min.js]
[cryptospire.trade/index8083.html]
[cryptospire.trade/index8083.html]
[cryptospire.trade/indexa972.html]
[cryptospire.trade/style.css]
[cryptospire.trade/images/ver.gif]
[cryptospire.trade/images/top.gif]
[cryptospire.trade/images/q.gif]
[cryptospire.trade/indexa972.html]
[cryptospire.trade/style.css]
[cryptospire.trade/indexda66.html]
[cryptospire.trade/indexa3c5.html]
[cryptospire.trade/indexd32c.html]
[cryptospire.trade/indexd32c.html]
[cryptospire.trade/indexda66.html]
[cryptospire.trade/indexa3c5.html]
[cryptospire.trade/index56a9.html]
[cryptospire.trade/index5b3b.html]
[cryptospire.trade/index3d4e.html]
[cryptospire.trade/images/48.gif]
[cryptospire.trade/index56a9.html]
[cryptospire.trade/index5b3b.html]
[cryptospire.trade/index3d4e.html]
[cryptospire.trade/index4ff2.html]
[cryptospire.trade/index4ff2.html]
